Archive member included to satisfy reference by file (symbol)

/home/thorben/opt/riscv_32_i/lib/gcc/riscv32-unknown-elf/14.2.0/libgcc.a(_udivdi3.o)
                              printf.o (__udivdi3)
/home/thorben/opt/riscv_32_i/lib/gcc/riscv32-unknown-elf/14.2.0/libgcc.a(_umoddi3.o)
                              printf.o (__umoddi3)
/home/thorben/opt/riscv_32_i/lib/gcc/riscv32-unknown-elf/14.2.0/libgcc.a(adddf3.o)
                              printf.o (__adddf3)
/home/thorben/opt/riscv_32_i/lib/gcc/riscv32-unknown-elf/14.2.0/libgcc.a(divdf3.o)
                              printf.o (__divdf3)
/home/thorben/opt/riscv_32_i/lib/gcc/riscv32-unknown-elf/14.2.0/libgcc.a(eqdf2.o)
                              printf.o (__nedf2)
/home/thorben/opt/riscv_32_i/lib/gcc/riscv32-unknown-elf/14.2.0/libgcc.a(gedf2.o)
                              printf.o (__gedf2)
/home/thorben/opt/riscv_32_i/lib/gcc/riscv32-unknown-elf/14.2.0/libgcc.a(ledf2.o)
                              printf.o (__ledf2)
/home/thorben/opt/riscv_32_i/lib/gcc/riscv32-unknown-elf/14.2.0/libgcc.a(muldf3.o)
                              printf.o (__muldf3)
/home/thorben/opt/riscv_32_i/lib/gcc/riscv32-unknown-elf/14.2.0/libgcc.a(subdf3.o)
                              printf.o (__subdf3)
/home/thorben/opt/riscv_32_i/lib/gcc/riscv32-unknown-elf/14.2.0/libgcc.a(fixdfsi.o)
                              printf.o (__fixdfsi)
/home/thorben/opt/riscv_32_i/lib/gcc/riscv32-unknown-elf/14.2.0/libgcc.a(fixunsdfsi.o)
                              printf.o (__fixunsdfsi)
/home/thorben/opt/riscv_32_i/lib/gcc/riscv32-unknown-elf/14.2.0/libgcc.a(floatsidf.o)
                              printf.o (__floatsidf)
/home/thorben/opt/riscv_32_i/lib/gcc/riscv32-unknown-elf/14.2.0/libgcc.a(floatunsidf.o)
                              printf.o (__floatunsidf)
/home/thorben/opt/riscv_32_i/lib/gcc/riscv32-unknown-elf/14.2.0/libgcc.a(muldi3.o)
                              /home/thorben/opt/riscv_32_i/lib/gcc/riscv32-unknown-elf/14.2.0/libgcc.a(_udivdi3.o) (__mulsi3)
/home/thorben/opt/riscv_32_i/lib/gcc/riscv32-unknown-elf/14.2.0/libgcc.a(div.o)
                              printf.o (__divsi3)
/home/thorben/opt/riscv_32_i/lib/gcc/riscv32-unknown-elf/14.2.0/libgcc.a(_clz.o)
                              /home/thorben/opt/riscv_32_i/lib/gcc/riscv32-unknown-elf/14.2.0/libgcc.a(_udivdi3.o) (__clz_tab)
/home/thorben/opt/riscv_32_i/lib/gcc/riscv32-unknown-elf/14.2.0/libgcc.a(_clzsi2.o)
                              /home/thorben/opt/riscv_32_i/lib/gcc/riscv32-unknown-elf/14.2.0/libgcc.a(adddf3.o) (__clzsi2)

There are no discarded input sections

Memory Configuration

Name             Origin             Length             Attributes
iram             0x80000000         0x00007000         xr
dram             0x00000000         0x00000fff         rw
*default*        0x00000000         0xffffffff

Linker script and memory map

LOAD main.o
LOAD start.o
LOAD printf.o
LOAD /home/thorben/opt/riscv_32_i/lib/gcc/riscv32-unknown-elf/14.2.0/libgcc.a
START GROUP
LOAD /home/thorben/opt/riscv_32_i/lib/gcc/riscv32-unknown-elf/14.2.0/../../../../riscv32-unknown-elf/lib/libc.a
LOAD /home/thorben/opt/riscv_32_i/lib/gcc/riscv32-unknown-elf/14.2.0/../../../../riscv32-unknown-elf/lib/libgloss.a
END GROUP
LOAD /home/thorben/opt/riscv_32_i/lib/gcc/riscv32-unknown-elf/14.2.0/libgcc.a

.init           0x80000000       0x20
 *(.init*)
 .init          0x80000000       0x20 start.o
                0x80000000                _start

.text           0x80000020     0x4d64
 *(.text*)
 .text          0x80000020        0xc main.o
                0x80000020                put_Val
 .text.startup  0x8000002c       0x8c main.o
                0x8000002c                main
 .text          0x800000b8        0x0 start.o
 .text          0x800000b8     0x1f34 printf.o
                0x80001e20                _putchar
                0x80001e40                printf_
                0x80001e94                sprintf_
                0x80001ee8                snprintf_
                0x80001f3c                vprintf_
                0x80001f6c                vsnprintf_
                0x80001f90                fctprintf
 .text          0x80001fec      0x5c0 /home/thorben/opt/riscv_32_i/lib/gcc/riscv32-unknown-elf/14.2.0/libgcc.a(_udivdi3.o)
                0x80001fec                __udivdi3
 .text          0x800025ac      0x4c8 /home/thorben/opt/riscv_32_i/lib/gcc/riscv32-unknown-elf/14.2.0/libgcc.a(_umoddi3.o)
                0x800025ac                __umoddi3
 .text          0x80002a74      0x780 /home/thorben/opt/riscv_32_i/lib/gcc/riscv32-unknown-elf/14.2.0/libgcc.a(adddf3.o)
                0x80002a74                __adddf3
 .text          0x800031f4      0x7c0 /home/thorben/opt/riscv_32_i/lib/gcc/riscv32-unknown-elf/14.2.0/libgcc.a(divdf3.o)
                0x800031f4                __divdf3
 .text          0x800039b4       0x8c /home/thorben/opt/riscv_32_i/lib/gcc/riscv32-unknown-elf/14.2.0/libgcc.a(eqdf2.o)
                0x800039b4                __eqdf2
                0x800039b4                __nedf2
 .text          0x80003a40       0xd0 /home/thorben/opt/riscv_32_i/lib/gcc/riscv32-unknown-elf/14.2.0/libgcc.a(gedf2.o)
                0x80003a40                __gtdf2
                0x80003a40                __gedf2
 .text          0x80003b10       0xd0 /home/thorben/opt/riscv_32_i/lib/gcc/riscv32-unknown-elf/14.2.0/libgcc.a(ledf2.o)
                0x80003b10                __ltdf2
                0x80003b10                __ledf2
 .text          0x80003be0      0x6b4 /home/thorben/opt/riscv_32_i/lib/gcc/riscv32-unknown-elf/14.2.0/libgcc.a(muldf3.o)
                0x80003be0                __muldf3
 .text          0x80004294      0x790 /home/thorben/opt/riscv_32_i/lib/gcc/riscv32-unknown-elf/14.2.0/libgcc.a(subdf3.o)
                0x80004294                __subdf3
 .text          0x80004a24       0x80 /home/thorben/opt/riscv_32_i/lib/gcc/riscv32-unknown-elf/14.2.0/libgcc.a(fixdfsi.o)
                0x80004a24                __fixdfsi
 .text          0x80004aa4       0x7c /home/thorben/opt/riscv_32_i/lib/gcc/riscv32-unknown-elf/14.2.0/libgcc.a(fixunsdfsi.o)
                0x80004aa4                __fixunsdfsi
 .text          0x80004b20       0xb4 /home/thorben/opt/riscv_32_i/lib/gcc/riscv32-unknown-elf/14.2.0/libgcc.a(floatsidf.o)
                0x80004b20                __floatsidf
 .text          0x80004bd4       0x90 /home/thorben/opt/riscv_32_i/lib/gcc/riscv32-unknown-elf/14.2.0/libgcc.a(floatunsidf.o)
                0x80004bd4                __floatunsidf
 .text          0x80004c64       0x24 /home/thorben/opt/riscv_32_i/lib/gcc/riscv32-unknown-elf/14.2.0/libgcc.a(muldi3.o)
                0x80004c64                __mulsi3
 .text          0x80004c88       0xb4 /home/thorben/opt/riscv_32_i/lib/gcc/riscv32-unknown-elf/14.2.0/libgcc.a(div.o)
                0x80004c88                __divsi3
                0x80004c90                __hidden___udivsi3
                0x80004c90                __udivsi3
                0x80004cd8                __umodsi3
                0x80004d0c                __modsi3
 .text          0x80004d3c        0x0 /home/thorben/opt/riscv_32_i/lib/gcc/riscv32-unknown-elf/14.2.0/libgcc.a(_clz.o)
 .text          0x80004d3c       0x48 /home/thorben/opt/riscv_32_i/lib/gcc/riscv32-unknown-elf/14.2.0/libgcc.a(_clzsi2.o)
                0x80004d3c                __clzsi2

.rodata         0x00000000      0x3c4
 *(.rodata*)
 .rodata.str1.4
                0x00000000       0x95 main.o
                                 0x80 (size before relaxing)
 .rodata.str1.4
                0x00000095       0x15 printf.o
 *fill*         0x00000095        0x3 
 .rodata        0x00000098      0x1f0 printf.o
 .rodata        0x00000288       0x3c /home/thorben/opt/riscv_32_i/lib/gcc/riscv32-unknown-elf/14.2.0/libgcc.a(divdf3.o)
 .rodata        0x000002c4      0x100 /home/thorben/opt/riscv_32_i/lib/gcc/riscv32-unknown-elf/14.2.0/libgcc.a(_clz.o)
                0x000002c4                __clz_tab

.srodata.cst8   0x000003c8       0x98
 .srodata.cst8  0x000003c8       0x98 printf.o

.eh_frame       0x00000460       0xb4
 .eh_frame      0x00000460       0x64 /home/thorben/opt/riscv_32_i/lib/gcc/riscv32-unknown-elf/14.2.0/libgcc.a(_udivdi3.o)
 .eh_frame      0x000004c4       0x50 /home/thorben/opt/riscv_32_i/lib/gcc/riscv32-unknown-elf/14.2.0/libgcc.a(_umoddi3.o)
                                 0x64 (size before relaxing)

.data           0x00000514        0x0
 *(.data*)
 .data          0x00000514        0x0 main.o
 .data          0x00000514        0x0 start.o
 .data          0x00000514        0x0 printf.o
 .data          0x00000514        0x0 /home/thorben/opt/riscv_32_i/lib/gcc/riscv32-unknown-elf/14.2.0/libgcc.a(_udivdi3.o)
 .data          0x00000514        0x0 /home/thorben/opt/riscv_32_i/lib/gcc/riscv32-unknown-elf/14.2.0/libgcc.a(_umoddi3.o)
 .data          0x00000514        0x0 /home/thorben/opt/riscv_32_i/lib/gcc/riscv32-unknown-elf/14.2.0/libgcc.a(adddf3.o)
 .data          0x00000514        0x0 /home/thorben/opt/riscv_32_i/lib/gcc/riscv32-unknown-elf/14.2.0/libgcc.a(divdf3.o)
 .data          0x00000514        0x0 /home/thorben/opt/riscv_32_i/lib/gcc/riscv32-unknown-elf/14.2.0/libgcc.a(eqdf2.o)
 .data          0x00000514        0x0 /home/thorben/opt/riscv_32_i/lib/gcc/riscv32-unknown-elf/14.2.0/libgcc.a(gedf2.o)
 .data          0x00000514        0x0 /home/thorben/opt/riscv_32_i/lib/gcc/riscv32-unknown-elf/14.2.0/libgcc.a(ledf2.o)
 .data          0x00000514        0x0 /home/thorben/opt/riscv_32_i/lib/gcc/riscv32-unknown-elf/14.2.0/libgcc.a(muldf3.o)
 .data          0x00000514        0x0 /home/thorben/opt/riscv_32_i/lib/gcc/riscv32-unknown-elf/14.2.0/libgcc.a(subdf3.o)
 .data          0x00000514        0x0 /home/thorben/opt/riscv_32_i/lib/gcc/riscv32-unknown-elf/14.2.0/libgcc.a(fixdfsi.o)
 .data          0x00000514        0x0 /home/thorben/opt/riscv_32_i/lib/gcc/riscv32-unknown-elf/14.2.0/libgcc.a(fixunsdfsi.o)
 .data          0x00000514        0x0 /home/thorben/opt/riscv_32_i/lib/gcc/riscv32-unknown-elf/14.2.0/libgcc.a(floatsidf.o)
 .data          0x00000514        0x0 /home/thorben/opt/riscv_32_i/lib/gcc/riscv32-unknown-elf/14.2.0/libgcc.a(floatunsidf.o)
 .data          0x00000514        0x0 /home/thorben/opt/riscv_32_i/lib/gcc/riscv32-unknown-elf/14.2.0/libgcc.a(muldi3.o)
 .data          0x00000514        0x0 /home/thorben/opt/riscv_32_i/lib/gcc/riscv32-unknown-elf/14.2.0/libgcc.a(div.o)
 .data          0x00000514        0x0 /home/thorben/opt/riscv_32_i/lib/gcc/riscv32-unknown-elf/14.2.0/libgcc.a(_clz.o)
 .data          0x00000514        0x0 /home/thorben/opt/riscv_32_i/lib/gcc/riscv32-unknown-elf/14.2.0/libgcc.a(_clzsi2.o)

.sdata          0x00000514        0x8
 .sdata         0x00000514        0x4 main.o
                0x00000514                devP
 .sdata         0x00000518        0x4 printf.o
                0x00000518                char_dev_addr_p

.bss            0x0000051c        0x2
 *(.sbss*)
 .sbss          0x0000051c        0x2 main.o
                0x0000051c                gpo_val
 .bss           0x0000051e        0x0 main.o
 .bss           0x0000051e        0x0 start.o
 .bss           0x0000051e        0x0 printf.o
 .bss           0x0000051e        0x0 /home/thorben/opt/riscv_32_i/lib/gcc/riscv32-unknown-elf/14.2.0/libgcc.a(_udivdi3.o)
 .bss           0x0000051e        0x0 /home/thorben/opt/riscv_32_i/lib/gcc/riscv32-unknown-elf/14.2.0/libgcc.a(_umoddi3.o)
 .bss           0x0000051e        0x0 /home/thorben/opt/riscv_32_i/lib/gcc/riscv32-unknown-elf/14.2.0/libgcc.a(adddf3.o)
 .bss           0x0000051e        0x0 /home/thorben/opt/riscv_32_i/lib/gcc/riscv32-unknown-elf/14.2.0/libgcc.a(divdf3.o)
 .bss           0x0000051e        0x0 /home/thorben/opt/riscv_32_i/lib/gcc/riscv32-unknown-elf/14.2.0/libgcc.a(eqdf2.o)
 .bss           0x0000051e        0x0 /home/thorben/opt/riscv_32_i/lib/gcc/riscv32-unknown-elf/14.2.0/libgcc.a(gedf2.o)
 .bss           0x0000051e        0x0 /home/thorben/opt/riscv_32_i/lib/gcc/riscv32-unknown-elf/14.2.0/libgcc.a(ledf2.o)
 .bss           0x0000051e        0x0 /home/thorben/opt/riscv_32_i/lib/gcc/riscv32-unknown-elf/14.2.0/libgcc.a(muldf3.o)
 .bss           0x0000051e        0x0 /home/thorben/opt/riscv_32_i/lib/gcc/riscv32-unknown-elf/14.2.0/libgcc.a(subdf3.o)
 .bss           0x0000051e        0x0 /home/thorben/opt/riscv_32_i/lib/gcc/riscv32-unknown-elf/14.2.0/libgcc.a(fixdfsi.o)
 .bss           0x0000051e        0x0 /home/thorben/opt/riscv_32_i/lib/gcc/riscv32-unknown-elf/14.2.0/libgcc.a(fixunsdfsi.o)
 .bss           0x0000051e        0x0 /home/thorben/opt/riscv_32_i/lib/gcc/riscv32-unknown-elf/14.2.0/libgcc.a(floatsidf.o)
 .bss           0x0000051e        0x0 /home/thorben/opt/riscv_32_i/lib/gcc/riscv32-unknown-elf/14.2.0/libgcc.a(floatunsidf.o)
 .bss           0x0000051e        0x0 /home/thorben/opt/riscv_32_i/lib/gcc/riscv32-unknown-elf/14.2.0/libgcc.a(muldi3.o)
 .bss           0x0000051e        0x0 /home/thorben/opt/riscv_32_i/lib/gcc/riscv32-unknown-elf/14.2.0/libgcc.a(div.o)
 .bss           0x0000051e        0x0 /home/thorben/opt/riscv_32_i/lib/gcc/riscv32-unknown-elf/14.2.0/libgcc.a(_clz.o)
 .bss           0x0000051e        0x0 /home/thorben/opt/riscv_32_i/lib/gcc/riscv32-unknown-elf/14.2.0/libgcc.a(_clzsi2.o)
                0x00001000                        __stack_top = 0x1000
OUTPUT(test_printf.elf elf32-littleriscv)

.comment        0x00000000        0xf
 .comment       0x00000000        0xf main.o
                                 0x10 (size before relaxing)
 .comment       0x0000000f       0x10 printf.o
 .comment       0x0000000f       0x10 /home/thorben/opt/riscv_32_i/lib/gcc/riscv32-unknown-elf/14.2.0/libgcc.a(_udivdi3.o)
 .comment       0x0000000f       0x10 /home/thorben/opt/riscv_32_i/lib/gcc/riscv32-unknown-elf/14.2.0/libgcc.a(_umoddi3.o)
 .comment       0x0000000f       0x10 /home/thorben/opt/riscv_32_i/lib/gcc/riscv32-unknown-elf/14.2.0/libgcc.a(adddf3.o)
 .comment       0x0000000f       0x10 /home/thorben/opt/riscv_32_i/lib/gcc/riscv32-unknown-elf/14.2.0/libgcc.a(divdf3.o)
 .comment       0x0000000f       0x10 /home/thorben/opt/riscv_32_i/lib/gcc/riscv32-unknown-elf/14.2.0/libgcc.a(eqdf2.o)
 .comment       0x0000000f       0x10 /home/thorben/opt/riscv_32_i/lib/gcc/riscv32-unknown-elf/14.2.0/libgcc.a(gedf2.o)
 .comment       0x0000000f       0x10 /home/thorben/opt/riscv_32_i/lib/gcc/riscv32-unknown-elf/14.2.0/libgcc.a(ledf2.o)
 .comment       0x0000000f       0x10 /home/thorben/opt/riscv_32_i/lib/gcc/riscv32-unknown-elf/14.2.0/libgcc.a(muldf3.o)
 .comment       0x0000000f       0x10 /home/thorben/opt/riscv_32_i/lib/gcc/riscv32-unknown-elf/14.2.0/libgcc.a(subdf3.o)
 .comment       0x0000000f       0x10 /home/thorben/opt/riscv_32_i/lib/gcc/riscv32-unknown-elf/14.2.0/libgcc.a(fixdfsi.o)
 .comment       0x0000000f       0x10 /home/thorben/opt/riscv_32_i/lib/gcc/riscv32-unknown-elf/14.2.0/libgcc.a(fixunsdfsi.o)
 .comment       0x0000000f       0x10 /home/thorben/opt/riscv_32_i/lib/gcc/riscv32-unknown-elf/14.2.0/libgcc.a(floatsidf.o)
 .comment       0x0000000f       0x10 /home/thorben/opt/riscv_32_i/lib/gcc/riscv32-unknown-elf/14.2.0/libgcc.a(floatunsidf.o)
 .comment       0x0000000f       0x10 /home/thorben/opt/riscv_32_i/lib/gcc/riscv32-unknown-elf/14.2.0/libgcc.a(_clz.o)
 .comment       0x0000000f       0x10 /home/thorben/opt/riscv_32_i/lib/gcc/riscv32-unknown-elf/14.2.0/libgcc.a(_clzsi2.o)

.note.GNU-stack
                0x00000000        0x0
 .note.GNU-stack
                0x00000000        0x0 main.o
 .note.GNU-stack
                0x00000000        0x0 printf.o
 .note.GNU-stack
                0x00000000        0x0 /home/thorben/opt/riscv_32_i/lib/gcc/riscv32-unknown-elf/14.2.0/libgcc.a(_udivdi3.o)
 .note.GNU-stack
                0x00000000        0x0 /home/thorben/opt/riscv_32_i/lib/gcc/riscv32-unknown-elf/14.2.0/libgcc.a(_umoddi3.o)
 .note.GNU-stack
                0x00000000        0x0 /home/thorben/opt/riscv_32_i/lib/gcc/riscv32-unknown-elf/14.2.0/libgcc.a(adddf3.o)
 .note.GNU-stack
                0x00000000        0x0 /home/thorben/opt/riscv_32_i/lib/gcc/riscv32-unknown-elf/14.2.0/libgcc.a(divdf3.o)
 .note.GNU-stack
                0x00000000        0x0 /home/thorben/opt/riscv_32_i/lib/gcc/riscv32-unknown-elf/14.2.0/libgcc.a(eqdf2.o)
 .note.GNU-stack
                0x00000000        0x0 /home/thorben/opt/riscv_32_i/lib/gcc/riscv32-unknown-elf/14.2.0/libgcc.a(gedf2.o)
 .note.GNU-stack
                0x00000000        0x0 /home/thorben/opt/riscv_32_i/lib/gcc/riscv32-unknown-elf/14.2.0/libgcc.a(ledf2.o)
 .note.GNU-stack
                0x00000000        0x0 /home/thorben/opt/riscv_32_i/lib/gcc/riscv32-unknown-elf/14.2.0/libgcc.a(muldf3.o)
 .note.GNU-stack
                0x00000000        0x0 /home/thorben/opt/riscv_32_i/lib/gcc/riscv32-unknown-elf/14.2.0/libgcc.a(subdf3.o)
 .note.GNU-stack
                0x00000000        0x0 /home/thorben/opt/riscv_32_i/lib/gcc/riscv32-unknown-elf/14.2.0/libgcc.a(fixdfsi.o)
 .note.GNU-stack
                0x00000000        0x0 /home/thorben/opt/riscv_32_i/lib/gcc/riscv32-unknown-elf/14.2.0/libgcc.a(fixunsdfsi.o)
 .note.GNU-stack
                0x00000000        0x0 /home/thorben/opt/riscv_32_i/lib/gcc/riscv32-unknown-elf/14.2.0/libgcc.a(floatsidf.o)
 .note.GNU-stack
                0x00000000        0x0 /home/thorben/opt/riscv_32_i/lib/gcc/riscv32-unknown-elf/14.2.0/libgcc.a(floatunsidf.o)
 .note.GNU-stack
                0x00000000        0x0 /home/thorben/opt/riscv_32_i/lib/gcc/riscv32-unknown-elf/14.2.0/libgcc.a(_clz.o)
 .note.GNU-stack
                0x00000000        0x0 /home/thorben/opt/riscv_32_i/lib/gcc/riscv32-unknown-elf/14.2.0/libgcc.a(_clzsi2.o)

.riscv.attributes
                0x00000000       0x1c
 .riscv.attributes
                0x00000000       0x1c main.o
 .riscv.attributes
                0x0000001c       0x1a start.o
 .riscv.attributes
                0x00000036       0x1c printf.o
 .riscv.attributes
                0x00000052       0x1c /home/thorben/opt/riscv_32_i/lib/gcc/riscv32-unknown-elf/14.2.0/libgcc.a(_udivdi3.o)
 .riscv.attributes
                0x0000006e       0x1c /home/thorben/opt/riscv_32_i/lib/gcc/riscv32-unknown-elf/14.2.0/libgcc.a(_umoddi3.o)
 .riscv.attributes
                0x0000008a       0x1c /home/thorben/opt/riscv_32_i/lib/gcc/riscv32-unknown-elf/14.2.0/libgcc.a(adddf3.o)
 .riscv.attributes
                0x000000a6       0x1c /home/thorben/opt/riscv_32_i/lib/gcc/riscv32-unknown-elf/14.2.0/libgcc.a(divdf3.o)
 .riscv.attributes
                0x000000c2       0x1c /home/thorben/opt/riscv_32_i/lib/gcc/riscv32-unknown-elf/14.2.0/libgcc.a(eqdf2.o)
 .riscv.attributes
                0x000000de       0x1c /home/thorben/opt/riscv_32_i/lib/gcc/riscv32-unknown-elf/14.2.0/libgcc.a(gedf2.o)
 .riscv.attributes
                0x000000fa       0x1c /home/thorben/opt/riscv_32_i/lib/gcc/riscv32-unknown-elf/14.2.0/libgcc.a(ledf2.o)
 .riscv.attributes
                0x00000116       0x1c /home/thorben/opt/riscv_32_i/lib/gcc/riscv32-unknown-elf/14.2.0/libgcc.a(muldf3.o)
 .riscv.attributes
                0x00000132       0x1c /home/thorben/opt/riscv_32_i/lib/gcc/riscv32-unknown-elf/14.2.0/libgcc.a(subdf3.o)
 .riscv.attributes
                0x0000014e       0x1c /home/thorben/opt/riscv_32_i/lib/gcc/riscv32-unknown-elf/14.2.0/libgcc.a(fixdfsi.o)
 .riscv.attributes
                0x0000016a       0x1c /home/thorben/opt/riscv_32_i/lib/gcc/riscv32-unknown-elf/14.2.0/libgcc.a(fixunsdfsi.o)
 .riscv.attributes
                0x00000186       0x1c /home/thorben/opt/riscv_32_i/lib/gcc/riscv32-unknown-elf/14.2.0/libgcc.a(floatsidf.o)
 .riscv.attributes
                0x000001a2       0x1c /home/thorben/opt/riscv_32_i/lib/gcc/riscv32-unknown-elf/14.2.0/libgcc.a(floatunsidf.o)
 .riscv.attributes
                0x000001be       0x1a /home/thorben/opt/riscv_32_i/lib/gcc/riscv32-unknown-elf/14.2.0/libgcc.a(muldi3.o)
 .riscv.attributes
                0x000001d8       0x1a /home/thorben/opt/riscv_32_i/lib/gcc/riscv32-unknown-elf/14.2.0/libgcc.a(div.o)
 .riscv.attributes
                0x000001f2       0x1c /home/thorben/opt/riscv_32_i/lib/gcc/riscv32-unknown-elf/14.2.0/libgcc.a(_clz.o)
 .riscv.attributes
                0x0000020e       0x1c /home/thorben/opt/riscv_32_i/lib/gcc/riscv32-unknown-elf/14.2.0/libgcc.a(_clzsi2.o)

.debug_info     0x00000000     0x3ee2
 .debug_info    0x00000000      0x955 /home/thorben/opt/riscv_32_i/lib/gcc/riscv32-unknown-elf/14.2.0/libgcc.a(_udivdi3.o)
 .debug_info    0x00000955      0x95e /home/thorben/opt/riscv_32_i/lib/gcc/riscv32-unknown-elf/14.2.0/libgcc.a(_umoddi3.o)
 .debug_info    0x000012b3      0x4f6 /home/thorben/opt/riscv_32_i/lib/gcc/riscv32-unknown-elf/14.2.0/libgcc.a(adddf3.o)
 .debug_info    0x000017a9      0x80a /home/thorben/opt/riscv_32_i/lib/gcc/riscv32-unknown-elf/14.2.0/libgcc.a(divdf3.o)
 .debug_info    0x00001fb3      0x221 /home/thorben/opt/riscv_32_i/lib/gcc/riscv32-unknown-elf/14.2.0/libgcc.a(eqdf2.o)
 .debug_info    0x000021d4      0x220 /home/thorben/opt/riscv_32_i/lib/gcc/riscv32-unknown-elf/14.2.0/libgcc.a(gedf2.o)
 .debug_info    0x000023f4      0x220 /home/thorben/opt/riscv_32_i/lib/gcc/riscv32-unknown-elf/14.2.0/libgcc.a(ledf2.o)
 .debug_info    0x00002614      0x8d8 /home/thorben/opt/riscv_32_i/lib/gcc/riscv32-unknown-elf/14.2.0/libgcc.a(muldf3.o)
 .debug_info    0x00002eec      0x4f2 /home/thorben/opt/riscv_32_i/lib/gcc/riscv32-unknown-elf/14.2.0/libgcc.a(subdf3.o)
 .debug_info    0x000033de      0x1c2 /home/thorben/opt/riscv_32_i/lib/gcc/riscv32-unknown-elf/14.2.0/libgcc.a(fixdfsi.o)
 .debug_info    0x000035a0      0x1a9 /home/thorben/opt/riscv_32_i/lib/gcc/riscv32-unknown-elf/14.2.0/libgcc.a(fixunsdfsi.o)
 .debug_info    0x00003749      0x268 /home/thorben/opt/riscv_32_i/lib/gcc/riscv32-unknown-elf/14.2.0/libgcc.a(floatsidf.o)
 .debug_info    0x000039b1      0x25d /home/thorben/opt/riscv_32_i/lib/gcc/riscv32-unknown-elf/14.2.0/libgcc.a(floatunsidf.o)
 .debug_info    0x00003c0e       0x31 /home/thorben/opt/riscv_32_i/lib/gcc/riscv32-unknown-elf/14.2.0/libgcc.a(muldi3.o)
 .debug_info    0x00003c3f       0x5f /home/thorben/opt/riscv_32_i/lib/gcc/riscv32-unknown-elf/14.2.0/libgcc.a(div.o)
 .debug_info    0x00003c9e       0xed /home/thorben/opt/riscv_32_i/lib/gcc/riscv32-unknown-elf/14.2.0/libgcc.a(_clz.o)
 .debug_info    0x00003d8b      0x157 /home/thorben/opt/riscv_32_i/lib/gcc/riscv32-unknown-elf/14.2.0/libgcc.a(_clzsi2.o)

.debug_abbrev   0x00000000     0x14f6
 .debug_abbrev  0x00000000      0x1c5 /home/thorben/opt/riscv_32_i/lib/gcc/riscv32-unknown-elf/14.2.0/libgcc.a(_udivdi3.o)
 .debug_abbrev  0x000001c5      0x1d0 /home/thorben/opt/riscv_32_i/lib/gcc/riscv32-unknown-elf/14.2.0/libgcc.a(_umoddi3.o)
 .debug_abbrev  0x00000395      0x186 /home/thorben/opt/riscv_32_i/lib/gcc/riscv32-unknown-elf/14.2.0/libgcc.a(adddf3.o)
 .debug_abbrev  0x0000051b      0x187 /home/thorben/opt/riscv_32_i/lib/gcc/riscv32-unknown-elf/14.2.0/libgcc.a(divdf3.o)
 .debug_abbrev  0x000006a2      0x153 /home/thorben/opt/riscv_32_i/lib/gcc/riscv32-unknown-elf/14.2.0/libgcc.a(eqdf2.o)
 .debug_abbrev  0x000007f5      0x168 /home/thorben/opt/riscv_32_i/lib/gcc/riscv32-unknown-elf/14.2.0/libgcc.a(gedf2.o)
 .debug_abbrev  0x0000095d      0x168 /home/thorben/opt/riscv_32_i/lib/gcc/riscv32-unknown-elf/14.2.0/libgcc.a(ledf2.o)
 .debug_abbrev  0x00000ac5      0x199 /home/thorben/opt/riscv_32_i/lib/gcc/riscv32-unknown-elf/14.2.0/libgcc.a(muldf3.o)
 .debug_abbrev  0x00000c5e      0x186 /home/thorben/opt/riscv_32_i/lib/gcc/riscv32-unknown-elf/14.2.0/libgcc.a(subdf3.o)
 .debug_abbrev  0x00000de4      0x15f /home/thorben/opt/riscv_32_i/lib/gcc/riscv32-unknown-elf/14.2.0/libgcc.a(fixdfsi.o)
 .debug_abbrev  0x00000f43      0x162 /home/thorben/opt/riscv_32_i/lib/gcc/riscv32-unknown-elf/14.2.0/libgcc.a(fixunsdfsi.o)
 .debug_abbrev  0x000010a5      0x164 /home/thorben/opt/riscv_32_i/lib/gcc/riscv32-unknown-elf/14.2.0/libgcc.a(floatsidf.o)
 .debug_abbrev  0x00001209      0x163 /home/thorben/opt/riscv_32_i/lib/gcc/riscv32-unknown-elf/14.2.0/libgcc.a(floatunsidf.o)
 .debug_abbrev  0x0000136c       0x28 /home/thorben/opt/riscv_32_i/lib/gcc/riscv32-unknown-elf/14.2.0/libgcc.a(muldi3.o)
 .debug_abbrev  0x00001394       0x28 /home/thorben/opt/riscv_32_i/lib/gcc/riscv32-unknown-elf/14.2.0/libgcc.a(div.o)
 .debug_abbrev  0x000013bc       0x70 /home/thorben/opt/riscv_32_i/lib/gcc/riscv32-unknown-elf/14.2.0/libgcc.a(_clz.o)
 .debug_abbrev  0x0000142c       0xca /home/thorben/opt/riscv_32_i/lib/gcc/riscv32-unknown-elf/14.2.0/libgcc.a(_clzsi2.o)

.debug_loclists
                0x00000000     0x39a0
 .debug_loclists
                0x00000000      0x71f /home/thorben/opt/riscv_32_i/lib/gcc/riscv32-unknown-elf/14.2.0/libgcc.a(_udivdi3.o)
 .debug_loclists
                0x0000071f      0x630 /home/thorben/opt/riscv_32_i/lib/gcc/riscv32-unknown-elf/14.2.0/libgcc.a(_umoddi3.o)
 .debug_loclists
                0x00000d4f      0xa8e /home/thorben/opt/riscv_32_i/lib/gcc/riscv32-unknown-elf/14.2.0/libgcc.a(adddf3.o)
 .debug_loclists
                0x000017dd      0x905 /home/thorben/opt/riscv_32_i/lib/gcc/riscv32-unknown-elf/14.2.0/libgcc.a(divdf3.o)
 .debug_loclists
                0x000020e2       0x6f /home/thorben/opt/riscv_32_i/lib/gcc/riscv32-unknown-elf/14.2.0/libgcc.a(eqdf2.o)
 .debug_loclists
                0x00002151      0x117 /home/thorben/opt/riscv_32_i/lib/gcc/riscv32-unknown-elf/14.2.0/libgcc.a(gedf2.o)
 .debug_loclists
                0x00002268      0x117 /home/thorben/opt/riscv_32_i/lib/gcc/riscv32-unknown-elf/14.2.0/libgcc.a(ledf2.o)
 .debug_loclists
                0x0000237f      0x855 /home/thorben/opt/riscv_32_i/lib/gcc/riscv32-unknown-elf/14.2.0/libgcc.a(muldf3.o)
 .debug_loclists
                0x00002bd4      0xafd /home/thorben/opt/riscv_32_i/lib/gcc/riscv32-unknown-elf/14.2.0/libgcc.a(subdf3.o)
 .debug_loclists
                0x000036d1       0xac /home/thorben/opt/riscv_32_i/lib/gcc/riscv32-unknown-elf/14.2.0/libgcc.a(fixdfsi.o)
 .debug_loclists
                0x0000377d       0x72 /home/thorben/opt/riscv_32_i/lib/gcc/riscv32-unknown-elf/14.2.0/libgcc.a(fixunsdfsi.o)
 .debug_loclists
                0x000037ef       0xa9 /home/thorben/opt/riscv_32_i/lib/gcc/riscv32-unknown-elf/14.2.0/libgcc.a(floatsidf.o)
 .debug_loclists
                0x00003898       0xc4 /home/thorben/opt/riscv_32_i/lib/gcc/riscv32-unknown-elf/14.2.0/libgcc.a(floatunsidf.o)
 .debug_loclists
                0x0000395c       0x44 /home/thorben/opt/riscv_32_i/lib/gcc/riscv32-unknown-elf/14.2.0/libgcc.a(_clzsi2.o)

.debug_aranges  0x00000000      0x218
 .debug_aranges
                0x00000000       0x20 /home/thorben/opt/riscv_32_i/lib/gcc/riscv32-unknown-elf/14.2.0/libgcc.a(_udivdi3.o)
 .debug_aranges
                0x00000020       0x20 /home/thorben/opt/riscv_32_i/lib/gcc/riscv32-unknown-elf/14.2.0/libgcc.a(_umoddi3.o)
 .debug_aranges
                0x00000040       0x20 /home/thorben/opt/riscv_32_i/lib/gcc/riscv32-unknown-elf/14.2.0/libgcc.a(adddf3.o)
 .debug_aranges
                0x00000060       0x20 /home/thorben/opt/riscv_32_i/lib/gcc/riscv32-unknown-elf/14.2.0/libgcc.a(divdf3.o)
 .debug_aranges
                0x00000080       0x20 /home/thorben/opt/riscv_32_i/lib/gcc/riscv32-unknown-elf/14.2.0/libgcc.a(eqdf2.o)
 .debug_aranges
                0x000000a0       0x20 /home/thorben/opt/riscv_32_i/lib/gcc/riscv32-unknown-elf/14.2.0/libgcc.a(gedf2.o)
 .debug_aranges
                0x000000c0       0x20 /home/thorben/opt/riscv_32_i/lib/gcc/riscv32-unknown-elf/14.2.0/libgcc.a(ledf2.o)
 .debug_aranges
                0x000000e0       0x20 /home/thorben/opt/riscv_32_i/lib/gcc/riscv32-unknown-elf/14.2.0/libgcc.a(muldf3.o)
 .debug_aranges
                0x00000100       0x20 /home/thorben/opt/riscv_32_i/lib/gcc/riscv32-unknown-elf/14.2.0/libgcc.a(subdf3.o)
 .debug_aranges
                0x00000120       0x20 /home/thorben/opt/riscv_32_i/lib/gcc/riscv32-unknown-elf/14.2.0/libgcc.a(fixdfsi.o)
 .debug_aranges
                0x00000140       0x20 /home/thorben/opt/riscv_32_i/lib/gcc/riscv32-unknown-elf/14.2.0/libgcc.a(fixunsdfsi.o)
 .debug_aranges
                0x00000160       0x20 /home/thorben/opt/riscv_32_i/lib/gcc/riscv32-unknown-elf/14.2.0/libgcc.a(floatsidf.o)
 .debug_aranges
                0x00000180       0x20 /home/thorben/opt/riscv_32_i/lib/gcc/riscv32-unknown-elf/14.2.0/libgcc.a(floatunsidf.o)
 .debug_aranges
                0x000001a0       0x20 /home/thorben/opt/riscv_32_i/lib/gcc/riscv32-unknown-elf/14.2.0/libgcc.a(muldi3.o)
 .debug_aranges
                0x000001c0       0x20 /home/thorben/opt/riscv_32_i/lib/gcc/riscv32-unknown-elf/14.2.0/libgcc.a(div.o)
 .debug_aranges
                0x000001e0       0x18 /home/thorben/opt/riscv_32_i/lib/gcc/riscv32-unknown-elf/14.2.0/libgcc.a(_clz.o)
 .debug_aranges
                0x000001f8       0x20 /home/thorben/opt/riscv_32_i/lib/gcc/riscv32-unknown-elf/14.2.0/libgcc.a(_clzsi2.o)

.debug_rnglists
                0x00000000      0x698
 .debug_rnglists
                0x00000000       0xa8 /home/thorben/opt/riscv_32_i/lib/gcc/riscv32-unknown-elf/14.2.0/libgcc.a(_udivdi3.o)
 .debug_rnglists
                0x000000a8       0x78 /home/thorben/opt/riscv_32_i/lib/gcc/riscv32-unknown-elf/14.2.0/libgcc.a(_umoddi3.o)
 .debug_rnglists
                0x00000120       0xf2 /home/thorben/opt/riscv_32_i/lib/gcc/riscv32-unknown-elf/14.2.0/libgcc.a(adddf3.o)
 .debug_rnglists
                0x00000212      0x118 /home/thorben/opt/riscv_32_i/lib/gcc/riscv32-unknown-elf/14.2.0/libgcc.a(divdf3.o)
 .debug_rnglists
                0x0000032a       0x23 /home/thorben/opt/riscv_32_i/lib/gcc/riscv32-unknown-elf/14.2.0/libgcc.a(eqdf2.o)
 .debug_rnglists
                0x0000034d       0x33 /home/thorben/opt/riscv_32_i/lib/gcc/riscv32-unknown-elf/14.2.0/libgcc.a(gedf2.o)
 .debug_rnglists
                0x00000380       0x33 /home/thorben/opt/riscv_32_i/lib/gcc/riscv32-unknown-elf/14.2.0/libgcc.a(ledf2.o)
 .debug_rnglists
                0x000003b3      0x157 /home/thorben/opt/riscv_32_i/lib/gcc/riscv32-unknown-elf/14.2.0/libgcc.a(muldf3.o)
 .debug_rnglists
                0x0000050a       0xf2 /home/thorben/opt/riscv_32_i/lib/gcc/riscv32-unknown-elf/14.2.0/libgcc.a(subdf3.o)
 .debug_rnglists
                0x000005fc       0x13 /home/thorben/opt/riscv_32_i/lib/gcc/riscv32-unknown-elf/14.2.0/libgcc.a(fixdfsi.o)
 .debug_rnglists
                0x0000060f       0x16 /home/thorben/opt/riscv_32_i/lib/gcc/riscv32-unknown-elf/14.2.0/libgcc.a(fixunsdfsi.o)
 .debug_rnglists
                0x00000625       0x30 /home/thorben/opt/riscv_32_i/lib/gcc/riscv32-unknown-elf/14.2.0/libgcc.a(floatsidf.o)
 .debug_rnglists
                0x00000655       0x2d /home/thorben/opt/riscv_32_i/lib/gcc/riscv32-unknown-elf/14.2.0/libgcc.a(floatunsidf.o)
 .debug_rnglists
                0x00000682       0x16 /home/thorben/opt/riscv_32_i/lib/gcc/riscv32-unknown-elf/14.2.0/libgcc.a(_clzsi2.o)

.debug_line     0x00000000     0x7343
 .debug_line    0x00000000      0x9dd /home/thorben/opt/riscv_32_i/lib/gcc/riscv32-unknown-elf/14.2.0/libgcc.a(_udivdi3.o)
 .debug_line    0x000009dd      0x979 /home/thorben/opt/riscv_32_i/lib/gcc/riscv32-unknown-elf/14.2.0/libgcc.a(_umoddi3.o)
 .debug_line    0x00001356     0x1377 /home/thorben/opt/riscv_32_i/lib/gcc/riscv32-unknown-elf/14.2.0/libgcc.a(adddf3.o)
 .debug_line    0x000026cd     0x12c4 /home/thorben/opt/riscv_32_i/lib/gcc/riscv32-unknown-elf/14.2.0/libgcc.a(divdf3.o)
 .debug_line    0x00003991      0x277 /home/thorben/opt/riscv_32_i/lib/gcc/riscv32-unknown-elf/14.2.0/libgcc.a(eqdf2.o)
 .debug_line    0x00003c08      0x347 /home/thorben/opt/riscv_32_i/lib/gcc/riscv32-unknown-elf/14.2.0/libgcc.a(gedf2.o)
 .debug_line    0x00003f4f      0x347 /home/thorben/opt/riscv_32_i/lib/gcc/riscv32-unknown-elf/14.2.0/libgcc.a(ledf2.o)
 .debug_line    0x00004296     0x1260 /home/thorben/opt/riscv_32_i/lib/gcc/riscv32-unknown-elf/14.2.0/libgcc.a(muldf3.o)
 .debug_line    0x000054f6     0x1384 /home/thorben/opt/riscv_32_i/lib/gcc/riscv32-unknown-elf/14.2.0/libgcc.a(subdf3.o)
 .debug_line    0x0000687a      0x1df /home/thorben/opt/riscv_32_i/lib/gcc/riscv32-unknown-elf/14.2.0/libgcc.a(fixdfsi.o)
 .debug_line    0x00006a59      0x1bb /home/thorben/opt/riscv_32_i/lib/gcc/riscv32-unknown-elf/14.2.0/libgcc.a(fixunsdfsi.o)
 .debug_line    0x00006c14      0x225 /home/thorben/opt/riscv_32_i/lib/gcc/riscv32-unknown-elf/14.2.0/libgcc.a(floatsidf.o)
 .debug_line    0x00006e39      0x223 /home/thorben/opt/riscv_32_i/lib/gcc/riscv32-unknown-elf/14.2.0/libgcc.a(floatunsidf.o)
 .debug_line    0x0000705c       0x7a /home/thorben/opt/riscv_32_i/lib/gcc/riscv32-unknown-elf/14.2.0/libgcc.a(muldi3.o)
 .debug_line    0x000070d6      0x153 /home/thorben/opt/riscv_32_i/lib/gcc/riscv32-unknown-elf/14.2.0/libgcc.a(div.o)
 .debug_line    0x00007229       0x3f /home/thorben/opt/riscv_32_i/lib/gcc/riscv32-unknown-elf/14.2.0/libgcc.a(_clz.o)
 .debug_line    0x00007268       0xdb /home/thorben/opt/riscv_32_i/lib/gcc/riscv32-unknown-elf/14.2.0/libgcc.a(_clzsi2.o)

.debug_str      0x00000000      0x8b4
 .debug_str     0x00000000      0x8b4 /home/thorben/opt/riscv_32_i/lib/gcc/riscv32-unknown-elf/14.2.0/libgcc.a(_udivdi3.o)
                                0x295 (size before relaxing)
 .debug_str     0x000008b4      0x295 /home/thorben/opt/riscv_32_i/lib/gcc/riscv32-unknown-elf/14.2.0/libgcc.a(_umoddi3.o)
 .debug_str     0x000008b4      0x2a6 /home/thorben/opt/riscv_32_i/lib/gcc/riscv32-unknown-elf/14.2.0/libgcc.a(adddf3.o)
 .debug_str     0x000008b4      0x391 /home/thorben/opt/riscv_32_i/lib/gcc/riscv32-unknown-elf/14.2.0/libgcc.a(divdf3.o)
 .debug_str     0x000008b4      0x1b8 /home/thorben/opt/riscv_32_i/lib/gcc/riscv32-unknown-elf/14.2.0/libgcc.a(eqdf2.o)
 .debug_str     0x000008b4      0x1dc /home/thorben/opt/riscv_32_i/lib/gcc/riscv32-unknown-elf/14.2.0/libgcc.a(gedf2.o)
 .debug_str     0x000008b4      0x1dc /home/thorben/opt/riscv_32_i/lib/gcc/riscv32-unknown-elf/14.2.0/libgcc.a(ledf2.o)
 .debug_str     0x000008b4      0x3cc /home/thorben/opt/riscv_32_i/lib/gcc/riscv32-unknown-elf/14.2.0/libgcc.a(muldf3.o)
 .debug_str     0x000008b4      0x2a6 /home/thorben/opt/riscv_32_i/lib/gcc/riscv32-unknown-elf/14.2.0/libgcc.a(subdf3.o)
 .debug_str     0x000008b4      0x1b3 /home/thorben/opt/riscv_32_i/lib/gcc/riscv32-unknown-elf/14.2.0/libgcc.a(fixdfsi.o)
 .debug_str     0x000008b4      0x1af /home/thorben/opt/riscv_32_i/lib/gcc/riscv32-unknown-elf/14.2.0/libgcc.a(fixunsdfsi.o)
 .debug_str     0x000008b4      0x250 /home/thorben/opt/riscv_32_i/lib/gcc/riscv32-unknown-elf/14.2.0/libgcc.a(floatsidf.o)
 .debug_str     0x000008b4      0x24b /home/thorben/opt/riscv_32_i/lib/gcc/riscv32-unknown-elf/14.2.0/libgcc.a(floatunsidf.o)
 .debug_str     0x000008b4       0xb0 /home/thorben/opt/riscv_32_i/lib/gcc/riscv32-unknown-elf/14.2.0/libgcc.a(muldi3.o)
 .debug_str     0x000008b4       0xdd /home/thorben/opt/riscv_32_i/lib/gcc/riscv32-unknown-elf/14.2.0/libgcc.a(div.o)
 .debug_str     0x000008b4      0x1b9 /home/thorben/opt/riscv_32_i/lib/gcc/riscv32-unknown-elf/14.2.0/libgcc.a(_clz.o)
 .debug_str     0x000008b4      0x1d6 /home/thorben/opt/riscv_32_i/lib/gcc/riscv32-unknown-elf/14.2.0/libgcc.a(_clzsi2.o)

.debug_line_str
                0x00000000      0x2d7
 .debug_line_str
                0x00000000      0x2d7 /home/thorben/opt/riscv_32_i/lib/gcc/riscv32-unknown-elf/14.2.0/libgcc.a(_udivdi3.o)
                                0x12e (size before relaxing)
 .debug_line_str
                0x000002d7      0x12e /home/thorben/opt/riscv_32_i/lib/gcc/riscv32-unknown-elf/14.2.0/libgcc.a(_umoddi3.o)
 .debug_line_str
                0x000002d7      0x13a /home/thorben/opt/riscv_32_i/lib/gcc/riscv32-unknown-elf/14.2.0/libgcc.a(adddf3.o)
 .debug_line_str
                0x000002d7      0x144 /home/thorben/opt/riscv_32_i/lib/gcc/riscv32-unknown-elf/14.2.0/libgcc.a(divdf3.o)
 .debug_line_str
                0x000002d7      0x147 /home/thorben/opt/riscv_32_i/lib/gcc/riscv32-unknown-elf/14.2.0/libgcc.a(eqdf2.o)
 .debug_line_str
                0x000002d7      0x147 /home/thorben/opt/riscv_32_i/lib/gcc/riscv32-unknown-elf/14.2.0/libgcc.a(gedf2.o)
 .debug_line_str
                0x000002d7      0x147 /home/thorben/opt/riscv_32_i/lib/gcc/riscv32-unknown-elf/14.2.0/libgcc.a(ledf2.o)
 .debug_line_str
                0x000002d7      0x144 /home/thorben/opt/riscv_32_i/lib/gcc/riscv32-unknown-elf/14.2.0/libgcc.a(muldf3.o)
 .debug_line_str
                0x000002d7      0x13a /home/thorben/opt/riscv_32_i/lib/gcc/riscv32-unknown-elf/14.2.0/libgcc.a(subdf3.o)
 .debug_line_str
                0x000002d7      0x147 /home/thorben/opt/riscv_32_i/lib/gcc/riscv32-unknown-elf/14.2.0/libgcc.a(fixdfsi.o)
 .debug_line_str
                0x000002d7      0x150 /home/thorben/opt/riscv_32_i/lib/gcc/riscv32-unknown-elf/14.2.0/libgcc.a(fixunsdfsi.o)
 .debug_line_str
                0x000002d7      0x14d /home/thorben/opt/riscv_32_i/lib/gcc/riscv32-unknown-elf/14.2.0/libgcc.a(floatsidf.o)
 .debug_line_str
                0x000002d7      0x153 /home/thorben/opt/riscv_32_i/lib/gcc/riscv32-unknown-elf/14.2.0/libgcc.a(floatunsidf.o)
 .debug_line_str
                0x000002d7       0x99 /home/thorben/opt/riscv_32_i/lib/gcc/riscv32-unknown-elf/14.2.0/libgcc.a(muldi3.o)
 .debug_line_str
                0x000002d7       0x96 /home/thorben/opt/riscv_32_i/lib/gcc/riscv32-unknown-elf/14.2.0/libgcc.a(div.o)
 .debug_line_str
                0x000002d7      0x12e /home/thorben/opt/riscv_32_i/lib/gcc/riscv32-unknown-elf/14.2.0/libgcc.a(_clz.o)
 .debug_line_str
                0x000002d7      0x12e /home/thorben/opt/riscv_32_i/lib/gcc/riscv32-unknown-elf/14.2.0/libgcc.a(_clzsi2.o)

.debug_frame    0x00000000      0x294
 .debug_frame   0x00000000       0x4c /home/thorben/opt/riscv_32_i/lib/gcc/riscv32-unknown-elf/14.2.0/libgcc.a(adddf3.o)
 .debug_frame   0x0000004c       0x64 /home/thorben/opt/riscv_32_i/lib/gcc/riscv32-unknown-elf/14.2.0/libgcc.a(divdf3.o)
 .debug_frame   0x000000b0       0x20 /home/thorben/opt/riscv_32_i/lib/gcc/riscv32-unknown-elf/14.2.0/libgcc.a(eqdf2.o)
 .debug_frame   0x000000d0       0x20 /home/thorben/opt/riscv_32_i/lib/gcc/riscv32-unknown-elf/14.2.0/libgcc.a(gedf2.o)
 .debug_frame   0x000000f0       0x20 /home/thorben/opt/riscv_32_i/lib/gcc/riscv32-unknown-elf/14.2.0/libgcc.a(ledf2.o)
 .debug_frame   0x00000110       0x5c /home/thorben/opt/riscv_32_i/lib/gcc/riscv32-unknown-elf/14.2.0/libgcc.a(muldf3.o)
 .debug_frame   0x0000016c       0x4c /home/thorben/opt/riscv_32_i/lib/gcc/riscv32-unknown-elf/14.2.0/libgcc.a(subdf3.o)
 .debug_frame   0x000001b8       0x20 /home/thorben/opt/riscv_32_i/lib/gcc/riscv32-unknown-elf/14.2.0/libgcc.a(fixdfsi.o)
 .debug_frame   0x000001d8       0x20 /home/thorben/opt/riscv_32_i/lib/gcc/riscv32-unknown-elf/14.2.0/libgcc.a(fixunsdfsi.o)
 .debug_frame   0x000001f8       0x40 /home/thorben/opt/riscv_32_i/lib/gcc/riscv32-unknown-elf/14.2.0/libgcc.a(floatsidf.o)
 .debug_frame   0x00000238       0x3c /home/thorben/opt/riscv_32_i/lib/gcc/riscv32-unknown-elf/14.2.0/libgcc.a(floatunsidf.o)
 .debug_frame   0x00000274       0x20 /home/thorben/opt/riscv_32_i/lib/gcc/riscv32-unknown-elf/14.2.0/libgcc.a(_clzsi2.o)
